⊟ Default                    ⋮
 └⊟0. win-3                  ⋮
   ├─0.0 vim                 ⋮
   └─0.1 bash                ⋮

⊟ Backend                    ⋮
 └⊟0. win-2                  ⋮
   ├─0.0 vim                 ⋮
   └─0.1 bash                ⋮

⊟ Frontend                   ⋮
 └⊟0. win-1                  ⋮
   ├─0.0 vim                 ⋮
   └─0.1 bash                ⋮
